// Jest Snapshot v1, https://goo.gl/fbAQLP

exports[`renders correctly 1`] = `
<View
  style={
    {
      "flex": 1,
    }
  }
>
  <View
    style={
      {
        "flex": 2,
      }
    }
  >
    <View
      style={
        {
          "marginHorizontal": 16,
          "marginVertical": 8,
        }
      }
    >
      <Text
        style={
          {
            "color": "#f5f5f5",
            "fontSize": 18,
            "marginBottom": 4,
          }
        }
      >
        Title
      </Text>
      <TextInput
        onChangeText={[Function]}
        style={
          {
            "backgroundColor": "#f5f5f5",
            "borderRadius": 8,
            "elevation": 2,
            "fontSize": 18,
            "paddingHorizontal": 16,
            "paddingVertical": 8,
          }
        }
        value=""
      />
    </View>
    <View
      style={
        {
          "marginHorizontal": 16,
          "marginVertical": 8,
        }
      }
    >
      <Text
        style={
          {
            "color": "#f5f5f5",
            "fontSize": 18,
            "marginBottom": 4,
          }
        }
      >
        Deadline
      </Text>
      <View
        style={
          {
            "flexDirection": "row",
          }
        }
      >
        <View
          accessible={true}
          collapsable={false}
          focusable={true}
          onBlur={[Function]}
          onClick={[Function]}
          onFocus={[Function]}
          onResponderGrant={[Function]}
          onResponderMove={[Function]}
          onResponderRelease={[Function]}
          onResponderTerminate={[Function]}
          onResponderTerminationRequest={[Function]}
          onStartShouldSetResponder={[Function]}
          style={
            {
              "flex": 1,
            }
          }
        >
          <View
            style={
              {
                "alignContent": "center",
                "alignItems": "center",
                "backgroundColor": "#f5f5f5",
                "borderRadius": 16,
                "justifyContent": "center",
                "marginHorizontal": 16,
                "paddingVertical": 8,
              }
            }
          >
            <Text
              style={
                {
                  "fontSize": 16,
                }
              }
            >
              Pick date
            </Text>
          </View>
        </View>
        <View
          accessible={true}
          collapsable={false}
          focusable={true}
          onBlur={[Function]}
          onClick={[Function]}
          onFocus={[Function]}
          onResponderGrant={[Function]}
          onResponderMove={[Function]}
          onResponderRelease={[Function]}
          onResponderTerminate={[Function]}
          onResponderTerminationRequest={[Function]}
          onStartShouldSetResponder={[Function]}
          style={
            {
              "flex": 1,
            }
          }
        >
          <View
            style={
              {
                "alignContent": "center",
                "alignItems": "center",
                "backgroundColor": "#f5f5f5",
                "borderRadius": 16,
                "justifyContent": "center",
                "marginHorizontal": 16,
                "paddingVertical": 8,
              }
            }
          >
            <Text
              style={
                {
                  "fontSize": 16,
                }
              }
            >
              Pick time
            </Text>
          </View>
        </View>
      </View>
      <View
        style={
          {
            "alignItems": "center",
          }
        }
      >
        <Text
          style={
            [
              {
                "marginHorizontal": 16,
                "marginVertical": 8,
              },
              {
                "fontSize": 16,
              },
              {
                "color": "#f5f5f5",
              },
            ]
          }
        >
          Selected:
           
          2022-12-17 14:38
        </Text>
      </View>
    </View>
  </View>
  <View
    style={
      {
        "alignContent": "flex-end",
        "flex": 1,
        "justifyContent": "flex-end",
        "marginBottom": 8,
      }
    }
  >
    <View
      style={
        {
          "borderRadius": 36,
          "marginHorizontal": 16,
          "marginVertical": 8,
          "overflow": "hidden",
        }
      }
    >
      <View
        accessible={true}
        collapsable={false}
        focusable={true}
        onBlur={[Function]}
        onClick={[Function]}
        onFocus={[Function]}
        onResponderGrant={[Function]}
        onResponderMove={[Function]}
        onResponderRelease={[Function]}
        onResponderTerminate={[Function]}
        onResponderTerminationRequest={[Function]}
        onStartShouldSetResponder={[Function]}
        style={
          {
            "backgroundColor": "#f5f5f5",
            "elevation": 2,
            "paddingHorizontal": 16,
            "paddingVertical": 8,
          }
        }
      >
        <Text
          style={
            {
              "color": "black",
              "fontSize": 18,
              "opacity": 54,
              "textAlign": "center",
            }
          }
        >
          Cancel
        </Text>
      </View>
    </View>
    <View
      style={
        {
          "borderRadius": 36,
          "marginHorizontal": 16,
          "marginVertical": 8,
          "overflow": "hidden",
        }
      }
    >
      <View
        accessible={true}
        collapsable={false}
        focusable={true}
        onBlur={[Function]}
        onClick={[Function]}
        onFocus={[Function]}
        onResponderGrant={[Function]}
        onResponderMove={[Function]}
        onResponderRelease={[Function]}
        onResponderTerminate={[Function]}
        onResponderTerminationRequest={[Function]}
        onStartShouldSetResponder={[Function]}
        style={
          {
            "backgroundColor": "#f5f5f5",
            "elevation": 2,
            "paddingHorizontal": 16,
            "paddingVertical": 8,
          }
        }
      >
        <Text
          style={
            {
              "color": "black",
              "fontSize": 18,
              "opacity": 54,
              "textAlign": "center",
            }
          }
        />
      </View>
    </View>
  </View>
</View>
`;
